
Gurobi 13.0.0 (mac64[arm], gurobi_cl) logging started Mon Nov 24 12:34:00 2025

Set parameter WLSAccessID
Set parameter WLSSecret
Set parameter LicenseID to value 2542227
Set parameter LogFile to value "gurobi.log"
Using license file /Users/z5524562/gurobi.lic
Academic license 2542227 - for non-commercial use only - registered to ka___@unsw.edu.au

Gurobi Optimizer version 13.0.0 build v13.0.0rc1 (mac64[arm] - Darwin 24.6.0 24G325)
Copyright (c) 2025, Gurobi Optimization, LLC

Read LP format model from file debug_model.lp
Reading time = 0.02 seconds
: 195 rows, 858 columns, 50992 nonzeros

Using Gurobi shared library /opt/anaconda3/envs/act-py312/lib/libgurobi130.dylib

CPU model: Apple M3 Pro
Thread count: 11 physical cores, 11 logical processors, using up to 11 threads

Academic license 2542227 - for non-commercial use only - registered to ka___@unsw.edu.au
Optimize a model with 195 rows, 858 columns and 50992 nonzeros (Max)
Model fingerprint: 0x31524ca6
Model has 1 linear objective coefficients
Coefficient statistics:
  Matrix range     [2e-06, 1e+00]
  Objective range  [1e+00, 1e+00]
  Bounds range     [7e-03, 3e+00]
  RHS range        [5e-02, 3e+00]
Presolve removed 112 rows and 27 columns
Presolve time: 0.00s

Solved in 0 iterations and 0.00 seconds (0.00 work units)
Infeasible model

Gurobi 13.0.0 (mac64[arm], gurobi_cl) logging started Mon Nov 24 12:42:12 2025

Set parameter WLSAccessID
Set parameter WLSSecret
Set parameter LicenseID to value 2542227
Set parameter LogFile to value "gurobi.log"
Using license file /Users/z5524562/gurobi.lic
Academic license 2542227 - for non-commercial use only - registered to ka___@unsw.edu.au

Gurobi 13.0.0 (mac64[arm], gurobi_cl) logging started Mon Nov 24 12:43:46 2025

Set parameter WLSAccessID
Set parameter WLSSecret
Set parameter LicenseID to value 2542227
Set parameter LogFile to value "gurobi.log"
Using license file /Users/z5524562/gurobi.lic
Academic license 2542227 - for non-commercial use only - registered to ka___@unsw.edu.au

Gurobi 13.0.0 (mac64[arm], gurobi_cl) logging started Mon Nov 24 12:46:20 2025

Set parameter WLSAccessID
Set parameter WLSSecret
Set parameter LicenseID to value 2542227
Set parameter LogFile to value "gurobi.log"
Using license file /Users/z5524562/gurobi.lic
Academic license 2542227 - for non-commercial use only - registered to ka___@unsw.edu.au

Gurobi Optimizer version 13.0.0 build v13.0.0rc1 (mac64[arm] - Darwin 24.6.0 24G325)
Copyright (c) 2025, Gurobi Optimization, LLC

Read LP format model from file debug_model.lp
Reading time = 0.01 seconds
: 195 rows, 858 columns, 50992 nonzeros

Using Gurobi shared library /opt/anaconda3/envs/act-py312/lib/libgurobi130.dylib

CPU model: Apple M3 Pro
Thread count: 11 physical cores, 11 logical processors, using up to 11 threads

Academic license 2542227 - for non-commercial use only - registered to ka___@unsw.edu.au
Optimize a model with 195 rows, 858 columns and 50992 nonzeros (Max)
Model fingerprint: 0x31524ca6
Model has 1 linear objective coefficients
Coefficient statistics:
  Matrix range     [2e-06, 1e+00]
  Objective range  [1e+00, 1e+00]
  Bounds range     [7e-03, 3e+00]
  RHS range        [5e-02, 3e+00]
Presolve removed 112 rows and 27 columns
Presolve time: 0.00s

Solved in 0 iterations and 0.00 seconds (0.00 work units)
Infeasible model
Academic license 2542227 - for non-commercial use only - registered to ka___@unsw.edu.au

Using Gurobi shared library /opt/anaconda3/envs/act-py312/lib/libgurobi130.dylib

CPU model: Apple M3 Pro
Thread count: 11 physical cores, 11 logical processors, using up to 11 threads


IIS computed: 1 constraints and 785 bounds
IIS runtime: 0.00 seconds (0.00 work units)

Wrote result file 'debug_model.ilp'


Gurobi 13.0.0 (mac64[arm], gurobi_cl) logging started Mon Nov 24 13:00:53 2025

Set parameter WLSAccessID
Set parameter WLSSecret
Set parameter LicenseID to value 2542227
Set parameter LogFile to value "gurobi.log"
Using license file /Users/z5524562/gurobi.lic
Academic license 2542227 - for non-commercial use only - registered to ka___@unsw.edu.au

Gurobi Optimizer version 13.0.0 build v13.0.0rc1 (mac64[arm] - Darwin 24.6.0 24G325)
Copyright (c) 2025, Gurobi Optimization, LLC

Read LP format model from file debug_model.lp
Reading time = 0.01 seconds
: 195 rows, 858 columns, 50992 nonzeros

Using Gurobi shared library /opt/anaconda3/envs/act-py312/lib/libgurobi130.dylib

CPU model: Apple M3 Pro
Thread count: 11 physical cores, 11 logical processors, using up to 11 threads

Academic license 2542227 - for non-commercial use only - registered to ka___@unsw.edu.au
Optimize a model with 195 rows, 858 columns and 50992 nonzeros (Max)
Model fingerprint: 0x31524ca6
Model has 1 linear objective coefficients
Coefficient statistics:
  Matrix range     [2e-06, 1e+00]
  Objective range  [1e+00, 1e+00]
  Bounds range     [7e-03, 3e+00]
  RHS range        [5e-02, 3e+00]
Presolve removed 112 rows and 27 columns
Presolve time: 0.00s

Solved in 0 iterations and 0.00 seconds (0.00 work units)
Infeasible model
Academic license 2542227 - for non-commercial use only - registered to ka___@unsw.edu.au

Using Gurobi shared library /opt/anaconda3/envs/act-py312/lib/libgurobi130.dylib

CPU model: Apple M3 Pro
Thread count: 11 physical cores, 11 logical processors, using up to 11 threads


IIS computed: 1 constraints and 785 bounds
IIS runtime: 0.00 seconds (0.00 work units)

Wrote result file 'debug_model.ilp'


Gurobi 13.0.0 (mac64[arm], gurobi_cl) logging started Mon Nov 24 13:42:57 2025

Set parameter WLSAccessID
Set parameter WLSSecret
Set parameter LicenseID to value 2542227
Set parameter LogFile to value "gurobi.log"
Using license file /Users/z5524562/gurobi.lic
Academic license 2542227 - for non-commercial use only - registered to ka___@unsw.edu.au

Gurobi Optimizer version 13.0.0 build v13.0.0rc1 (mac64[arm] - Darwin 24.6.0 24G325)
Copyright (c) 2025, Gurobi Optimization, LLC

Read LP format model from file debug_model.lp
Reading time = 0.01 seconds
: 195 rows, 858 columns, 50992 nonzeros

Using Gurobi shared library /opt/anaconda3/envs/act-py312/lib/libgurobi130.dylib

CPU model: Apple M3 Pro
Thread count: 11 physical cores, 11 logical processors, using up to 11 threads

Academic license 2542227 - for non-commercial use only - registered to ka___@unsw.edu.au
Optimize a model with 195 rows, 858 columns and 50992 nonzeros (Max)
Model fingerprint: 0xc89b8f7d
Model has 1 linear objective coefficients
Coefficient statistics:
  Matrix range     [2e-06, 1e+00]
  Objective range  [1e+00, 1e+00]
  Bounds range     [7e-03, 3e+00]
  RHS range        [5e-02, 3e+00]
Presolve removed 112 rows and 27 columns
Presolve time: 0.00s

Solved in 0 iterations and 0.00 seconds (0.00 work units)
Infeasible model
Academic license 2542227 - for non-commercial use only - registered to ka___@unsw.edu.au

Using Gurobi shared library /opt/anaconda3/envs/act-py312/lib/libgurobi130.dylib

CPU model: Apple M3 Pro
Thread count: 11 physical cores, 11 logical processors, using up to 11 threads


IIS computed: 1 constraints and 785 bounds
IIS runtime: 0.00 seconds (0.00 work units)

Wrote result file 'debug_model.ilp'


Gurobi 13.0.0 (mac64[arm], gurobi_cl) logging started Mon Nov 24 18:35:46 2025

Set parameter WLSAccessID
Set parameter WLSSecret
Set parameter LicenseID to value 2542227
Set parameter LogFile to value "gurobi.log"
Using license file /Users/z5524562/gurobi.lic
Academic license 2542227 - for non-commercial use only - registered to ka___@unsw.edu.au

Gurobi Optimizer version 13.0.0 build v13.0.0rc1 (mac64[arm] - Darwin 24.6.0 24G325)
Copyright (c) 2025, Gurobi Optimization, LLC

Read LP format model from file debug_model.lp
Reading time = 0.02 seconds
: 195 rows, 858 columns, 50992 nonzeros

Using Gurobi shared library /opt/anaconda3/envs/act-py312/lib/libgurobi130.dylib

CPU model: Apple M3 Pro
Thread count: 11 physical cores, 11 logical processors, using up to 11 threads

Academic license 2542227 - for non-commercial use only - registered to ka___@unsw.edu.au
Optimize a model with 195 rows, 858 columns and 50992 nonzeros (Max)
Model fingerprint: 0xc89b8f7d
Model has 1 linear objective coefficients
Coefficient statistics:
  Matrix range     [2e-06, 1e+00]
  Objective range  [1e+00, 1e+00]
  Bounds range     [7e-03, 3e+00]
  RHS range        [5e-02, 3e+00]
Presolve removed 112 rows and 27 columns
Presolve time: 0.00s

Solved in 0 iterations and 0.00 seconds (0.00 work units)
Infeasible model
Academic license 2542227 - for non-commercial use only - registered to ka___@unsw.edu.au

Using Gurobi shared library /opt/anaconda3/envs/act-py312/lib/libgurobi130.dylib

CPU model: Apple M3 Pro
Thread count: 11 physical cores, 11 logical processors, using up to 11 threads


IIS computed: 1 constraints and 785 bounds
IIS runtime: 0.00 seconds (0.00 work units)

Wrote result file 'debug_model.ilp'


Gurobi 13.0.0 (mac64[arm], gurobi_cl) logging started Mon Nov 24 21:45:16 2025

Set parameter WLSAccessID
Set parameter WLSSecret
Set parameter LicenseID to value 2542227
Set parameter LogFile to value "gurobi.log"
Using license file /Users/z5524562/gurobi.lic
Academic license 2542227 - for non-commercial use only - registered to ka___@unsw.edu.au

Gurobi Optimizer version 13.0.0 build v13.0.0rc1 (mac64[arm] - Darwin 24.6.0 24G325)
Copyright (c) 2025, Gurobi Optimization, LLC

Read LP format model from file debug_model.lp
Reading time = 0.01 seconds
: 195 rows, 858 columns, 50992 nonzeros

Using Gurobi shared library /opt/anaconda3/envs/act-py312/lib/libgurobi130.dylib

CPU model: Apple M3 Pro
Thread count: 11 physical cores, 11 logical processors, using up to 11 threads

Academic license 2542227 - for non-commercial use only - registered to ka___@unsw.edu.au
Optimize a model with 195 rows, 858 columns and 50992 nonzeros (Max)
Model fingerprint: 0xc89b8f7d
Model has 1 linear objective coefficients
Coefficient statistics:
  Matrix range     [2e-06, 1e+00]
  Objective range  [1e+00, 1e+00]
  Bounds range     [7e-03, 3e+00]
  RHS range        [5e-02, 3e+00]
Presolve removed 112 rows and 27 columns
Presolve time: 0.00s

Solved in 0 iterations and 0.00 seconds (0.00 work units)
Infeasible model
Academic license 2542227 - for non-commercial use only - registered to ka___@unsw.edu.au

Using Gurobi shared library /opt/anaconda3/envs/act-py312/lib/libgurobi130.dylib

CPU model: Apple M3 Pro
Thread count: 11 physical cores, 11 logical processors, using up to 11 threads


IIS computed: 1 constraints and 785 bounds
IIS runtime: 0.00 seconds (0.00 work units)

Wrote result file 'debug_model.ilp'


Gurobi 13.0.0 (mac64[arm], gurobi_cl) logging started Mon Nov 24 22:23:08 2025

Set parameter WLSAccessID
Set parameter WLSSecret
Set parameter LicenseID to value 2542227
Set parameter LogFile to value "gurobi.log"
Using license file /Users/z5524562/gurobi.lic
Academic license 2542227 - for non-commercial use only - registered to ka___@unsw.edu.au

Gurobi Optimizer version 13.0.0 build v13.0.0rc1 (mac64[arm] - Darwin 24.6.0 24G325)
Copyright (c) 2025, Gurobi Optimization, LLC

Read LP format model from file debug_model.lp
Reading time = 0.03 seconds
: 194 rows, 858 columns, 50991 nonzeros

Using Gurobi shared library /opt/anaconda3/envs/act-py312/lib/libgurobi130.dylib

CPU model: Apple M3 Pro
Thread count: 11 physical cores, 11 logical processors, using up to 11 threads

Academic license 2542227 - for non-commercial use only - registered to ka___@unsw.edu.au
Optimize a model with 194 rows, 858 columns and 50991 nonzeros (Max)
Model fingerprint: 0x220051f5
Model has 1 linear objective coefficients
Coefficient statistics:
  Matrix range     [2e-06, 1e+00]
  Objective range  [1e+00, 1e+00]
  Bounds range     [7e-03, 3e+00]
  RHS range        [5e-02, 3e-01]
Presolve removed 111 rows and 27 columns
Presolve time: 0.00s

Solved in 0 iterations and 0.00 seconds (0.00 work units)
Infeasible model
Academic license 2542227 - for non-commercial use only - registered to ka___@unsw.edu.au

Using Gurobi shared library /opt/anaconda3/envs/act-py312/lib/libgurobi130.dylib

CPU model: Apple M3 Pro
Thread count: 11 physical cores, 11 logical processors, using up to 11 threads


IIS computed: 1 constraints and 785 bounds
IIS runtime: 0.00 seconds (0.00 work units)

Wrote result file 'debug_model.ilp'


Gurobi 13.0.0 (mac64[arm], gurobi_cl) logging started Mon Nov 24 22:32:40 2025

Set parameter WLSAccessID
Set parameter WLSSecret
Set parameter LicenseID to value 2542227
Set parameter LogFile to value "gurobi.log"
Using license file /Users/z5524562/gurobi.lic
Academic license 2542227 - for non-commercial use only - registered to ka___@unsw.edu.au

Gurobi Optimizer version 13.0.0 build v13.0.0rc1 (mac64[arm] - Darwin 24.6.0 24G325)
Copyright (c) 2025, Gurobi Optimization, LLC

Read LP format model from file debug_model.lp
Reading time = 0.01 seconds
: 194 rows, 858 columns, 50991 nonzeros

Using Gurobi shared library /opt/anaconda3/envs/act-py312/lib/libgurobi130.dylib

CPU model: Apple M3 Pro
Thread count: 11 physical cores, 11 logical processors, using up to 11 threads

Academic license 2542227 - for non-commercial use only - registered to ka___@unsw.edu.au
Optimize a model with 194 rows, 858 columns and 50991 nonzeros (Max)
Model fingerprint: 0x220051f5
Model has 1 linear objective coefficients
Coefficient statistics:
  Matrix range     [2e-06, 1e+00]
  Objective range  [1e+00, 1e+00]
  Bounds range     [7e-03, 3e+00]
  RHS range        [5e-02, 3e-01]
Presolve removed 111 rows and 27 columns
Presolve time: 0.00s

Solved in 0 iterations and 0.00 seconds (0.00 work units)
Infeasible model
Academic license 2542227 - for non-commercial use only - registered to ka___@unsw.edu.au

Using Gurobi shared library /opt/anaconda3/envs/act-py312/lib/libgurobi130.dylib

CPU model: Apple M3 Pro
Thread count: 11 physical cores, 11 logical processors, using up to 11 threads


IIS computed: 1 constraints and 785 bounds
IIS runtime: 0.00 seconds (0.00 work units)

Wrote result file 'debug_model.ilp'


Gurobi 13.0.0 (mac64[arm], gurobi_cl) logging started Mon Nov 24 22:33:42 2025

Set parameter WLSAccessID
Set parameter WLSSecret
Set parameter LicenseID to value 2542227
Set parameter LogFile to value "gurobi.log"
Using license file /Users/z5524562/gurobi.lic
Academic license 2542227 - for non-commercial use only - registered to ka___@unsw.edu.au

Gurobi Optimizer version 13.0.0 build v13.0.0rc1 (mac64[arm] - Darwin 24.6.0 24G325)
Copyright (c) 2025, Gurobi Optimization, LLC

Read LP format model from file debug_model.lp
Reading time = 0.01 seconds
: 195 rows, 858 columns, 50992 nonzeros

Using Gurobi shared library /opt/anaconda3/envs/act-py312/lib/libgurobi130.dylib

CPU model: Apple M3 Pro
Thread count: 11 physical cores, 11 logical processors, using up to 11 threads

Academic license 2542227 - for non-commercial use only - registered to ka___@unsw.edu.au
Optimize a model with 195 rows, 858 columns and 50992 nonzeros (Max)
Model fingerprint: 0xc89b8f7d
Model has 1 linear objective coefficients
Coefficient statistics:
  Matrix range     [2e-06, 1e+00]
  Objective range  [1e+00, 1e+00]
  Bounds range     [7e-03, 3e+00]
  RHS range        [5e-02, 3e+00]
Presolve removed 112 rows and 27 columns
Presolve time: 0.00s

Solved in 0 iterations and 0.00 seconds (0.00 work units)
Infeasible model
Academic license 2542227 - for non-commercial use only - registered to ka___@unsw.edu.au

Using Gurobi shared library /opt/anaconda3/envs/act-py312/lib/libgurobi130.dylib

CPU model: Apple M3 Pro
Thread count: 11 physical cores, 11 logical processors, using up to 11 threads


IIS computed: 1 constraints and 785 bounds
IIS runtime: 0.00 seconds (0.00 work units)

Wrote result file 'debug_model.ilp'


Gurobi 13.0.0 (mac64[arm], gurobi_cl) logging started Mon Nov 24 22:57:00 2025

Set parameter WLSAccessID
Set parameter WLSSecret
Set parameter LicenseID to value 2542227
Set parameter LogFile to value "gurobi.log"
Using license file /Users/z5524562/gurobi.lic
Academic license 2542227 - for non-commercial use only - registered to ka___@unsw.edu.au

Gurobi Optimizer version 13.0.0 build v13.0.0rc1 (mac64[arm] - Darwin 24.6.0 24G325)
Copyright (c) 2025, Gurobi Optimization, LLC

Read LP format model from file debug_model.lp
Reading time = 0.01 seconds
: 199 rows, 858 columns, 50991 nonzeros

Using Gurobi shared library /opt/anaconda3/envs/act-py312/lib/libgurobi130.dylib

CPU model: Apple M3 Pro
Thread count: 11 physical cores, 11 logical processors, using up to 11 threads

Academic license 2542227 - for non-commercial use only - registered to ka___@unsw.edu.au
Optimize a model with 199 rows, 858 columns and 50991 nonzeros (Max)
Model fingerprint: 0x143869f9
Model has 1 linear objective coefficients
Coefficient statistics:
  Matrix range     [1e-06, 1e+00]
  Objective range  [1e+00, 1e+00]
  Bounds range     [7e-02, 3e+00]
  RHS range        [4e-02, 4e+00]
Presolve removed 116 rows and 22 columns
Presolve time: 0.00s

Solved in 0 iterations and 0.00 seconds (0.00 work units)
Infeasible model
Academic license 2542227 - for non-commercial use only - registered to ka___@unsw.edu.au

Using Gurobi shared library /opt/anaconda3/envs/act-py312/lib/libgurobi130.dylib

CPU model: Apple M3 Pro
Thread count: 11 physical cores, 11 logical processors, using up to 11 threads


IIS computed: 1 constraints and 785 bounds
IIS runtime: 0.00 seconds (0.00 work units)

Wrote result file 'debug_model.ilp'


Gurobi 13.0.0 (mac64[arm], gurobi_cl) logging started Mon Nov 24 23:21:53 2025

Set parameter WLSAccessID
Set parameter WLSSecret
Set parameter LicenseID to value 2542227
Set parameter LogFile to value "gurobi.log"
Using license file /Users/z5524562/gurobi.lic
Academic license 2542227 - for non-commercial use only - registered to ka___@unsw.edu.au

Gurobi Optimizer version 13.0.0 build v13.0.0rc1 (mac64[arm] - Darwin 24.6.0 24G325)
Copyright (c) 2025, Gurobi Optimization, LLC

Read LP format model from file debug_model.lp
Reading time = 0.00 seconds
: 12 rows, 21 columns, 66 nonzeros

Using Gurobi shared library /opt/anaconda3/envs/act-py312/lib/libgurobi130.dylib

CPU model: Apple M3 Pro
Thread count: 11 physical cores, 11 logical processors, using up to 11 threads

Academic license 2542227 - for non-commercial use only - registered to ka___@unsw.edu.au
Optimize a model with 12 rows, 21 columns and 66 nonzeros (Min)
Model fingerprint: 0x210f97d7
Model has 0 linear objective coefficients
Coefficient statistics:
  Matrix range     [2e-04, 1e+00]
  Objective range  [0e+00, 0e+00]
  Bounds range     [2e-02, 1e+00]
  RHS range        [5e-01, 5e-01]
Presolve removed 6 rows and 6 columns
Presolve time: 0.00s

Solved in 0 iterations and 0.00 seconds (0.00 work units)
Infeasible model
Academic license 2542227 - for non-commercial use only - registered to ka___@unsw.edu.au

Using Gurobi shared library /opt/anaconda3/envs/act-py312/lib/libgurobi130.dylib

CPU model: Apple M3 Pro
Thread count: 11 physical cores, 11 logical processors, using up to 11 threads


IIS computed: 1 constraints and 1 bounds
IIS runtime: 0.00 seconds (0.00 work units)

Wrote result file 'debug_model.ilp'


Gurobi 13.0.0 (mac64[arm], gurobi_cl) logging started Tue Nov 25 11:24:13 2025

Set parameter WLSAccessID
Set parameter WLSSecret
Set parameter LicenseID to value 2542227
Set parameter LogFile to value "gurobi.log"
Using license file /Users/z5524562/gurobi.lic
Academic license 2542227 - for non-commercial use only - registered to ka___@unsw.edu.au

Gurobi Optimizer version 13.0.0 build v13.0.0rc1 (mac64[arm] - Darwin 24.6.0 24G325)
Copyright (c) 2025, Gurobi Optimization, LLC

Read LP format model from file debug_model.lp
Reading time = 0.00 seconds
: 12 rows, 21 columns, 66 nonzeros

Using Gurobi shared library /opt/anaconda3/envs/act-py312/lib/libgurobi130.dylib

CPU model: Apple M3 Pro
Thread count: 11 physical cores, 11 logical processors, using up to 11 threads

Academic license 2542227 - for non-commercial use only - registered to ka___@unsw.edu.au
Optimize a model with 12 rows, 21 columns and 66 nonzeros (Min)
Model fingerprint: 0x210f97d7
Model has 0 linear objective coefficients
Coefficient statistics:
  Matrix range     [2e-04, 1e+00]
  Objective range  [0e+00, 0e+00]
  Bounds range     [2e-02, 1e+00]
  RHS range        [5e-01, 5e-01]
Presolve removed 6 rows and 6 columns
Presolve time: 0.67s

Solved in 0 iterations and 0.67 seconds (0.00 work units)
Infeasible model
Academic license 2542227 - for non-commercial use only - registered to ka___@unsw.edu.au

Using Gurobi shared library /opt/anaconda3/envs/act-py312/lib/libgurobi130.dylib

CPU model: Apple M3 Pro
Thread count: 11 physical cores, 11 logical processors, using up to 11 threads


IIS computed: 1 constraints and 1 bounds
IIS runtime: 0.00 seconds (0.00 work units)

Wrote result file 'debug_model.ilp'


Gurobi 13.0.0 (mac64[arm], gurobi_cl) logging started Tue Nov 25 12:14:21 2025

Set parameter WLSAccessID
Set parameter WLSSecret
Set parameter LicenseID to value 2542227
Set parameter LogFile to value "gurobi.log"
Using license file /Users/z5524562/gurobi.lic
Academic license 2542227 - for non-commercial use only - registered to ka___@unsw.edu.au

Gurobi Optimizer version 13.0.0 build v13.0.0rc1 (mac64[arm] - Darwin 24.6.0 24G325)
Copyright (c) 2025, Gurobi Optimization, LLC

Read LP format model from file debug_model.lp
Reading time = 0.00 seconds
: 12 rows, 21 columns, 66 nonzeros

Using Gurobi shared library /opt/anaconda3/envs/act-py312/lib/libgurobi130.dylib

CPU model: Apple M3 Pro
Thread count: 11 physical cores, 11 logical processors, using up to 11 threads

Academic license 2542227 - for non-commercial use only - registered to ka___@unsw.edu.au
Optimize a model with 12 rows, 21 columns and 66 nonzeros (Min)
Model fingerprint: 0x210f97d7
Model has 0 linear objective coefficients
Coefficient statistics:
  Matrix range     [2e-04, 1e+00]
  Objective range  [0e+00, 0e+00]
  Bounds range     [2e-02, 1e+00]
  RHS range        [5e-01, 5e-01]
Presolve removed 6 rows and 6 columns
Presolve time: 0.00s

Solved in 0 iterations and 0.00 seconds (0.00 work units)
Infeasible model
Academic license 2542227 - for non-commercial use only - registered to ka___@unsw.edu.au

Using Gurobi shared library /opt/anaconda3/envs/act-py312/lib/libgurobi130.dylib

CPU model: Apple M3 Pro
Thread count: 11 physical cores, 11 logical processors, using up to 11 threads


IIS computed: 1 constraints and 1 bounds
IIS runtime: 0.00 seconds (0.00 work units)

Wrote result file 'debug_model.ilp'


Gurobi 13.0.0 (mac64[arm], gurobi_cl) logging started Tue Nov 25 21:43:53 2025

Set parameter WLSAccessID
Set parameter WLSSecret
Set parameter LicenseID to value 2542227
Set parameter LogFile to value "gurobi.log"
Using license file /Users/z5524562/gurobi.lic
Academic license 2542227 - for non-commercial use only - registered to ka___@unsw.edu.au

Gurobi Optimizer version 13.0.0 build v13.0.0rc1 (mac64[arm] - Darwin 24.6.0 24G325)
Copyright (c) 2025, Gurobi Optimization, LLC

Read LP format model from file debug_model.lp
Reading time = 0.00 seconds
: 17 rows, 36 columns, 164 nonzeros

Using Gurobi shared library /opt/anaconda3/envs/act-py312/lib/libgurobi130.dylib

CPU model: Apple M3 Pro
Thread count: 11 physical cores, 11 logical processors, using up to 11 threads

Academic license 2542227 - for non-commercial use only - registered to ka___@unsw.edu.au
Optimize a model with 17 rows, 36 columns and 164 nonzeros (Min)
Model fingerprint: 0x81eb81e2
Model has 0 linear objective coefficients
Coefficient statistics:
  Matrix range     [4e-04, 1e+00]
  Objective range  [0e+00, 0e+00]
  Bounds range     [4e-01, 1e+00]
  RHS range        [3e+00, 3e+00]
Presolve removed 12 rows and 20 columns
Presolve time: 0.00s

Solved in 0 iterations and 0.00 seconds (0.00 work units)
Infeasible model
Academic license 2542227 - for non-commercial use only - registered to ka___@unsw.edu.au

Using Gurobi shared library /opt/anaconda3/envs/act-py312/lib/libgurobi130.dylib

CPU model: Apple M3 Pro
Thread count: 11 physical cores, 11 logical processors, using up to 11 threads


IIS computed: 1 constraints and 4 bounds
IIS runtime: 0.00 seconds (0.00 work units)

Wrote result file 'debug_model.ilp'


Gurobi 13.0.0 (mac64[arm], gurobi_cl) logging started Tue Nov 25 22:26:29 2025

Set parameter WLSAccessID
Set parameter WLSSecret
Set parameter LicenseID to value 2542227
Set parameter LogFile to value "gurobi.log"
Using license file /Users/z5524562/gurobi.lic
Academic license 2542227 - for non-commercial use only - registered to ka___@unsw.edu.au

Gurobi Optimizer version 13.0.0 build v13.0.0rc1 (mac64[arm] - Darwin 24.6.0 24G325)
Copyright (c) 2025, Gurobi Optimization, LLC

Read LP format model from file debug_model.lp
Reading time = 0.00 seconds
: 17 rows, 36 columns, 164 nonzeros

Using Gurobi shared library /opt/anaconda3/envs/act-py312/lib/libgurobi130.dylib

CPU model: Apple M3 Pro
Thread count: 11 physical cores, 11 logical processors, using up to 11 threads

Academic license 2542227 - for non-commercial use only - registered to ka___@unsw.edu.au
Optimize a model with 17 rows, 36 columns and 164 nonzeros (Min)
Model fingerprint: 0x81eb81e2
Model has 0 linear objective coefficients
Coefficient statistics:
  Matrix range     [4e-04, 1e+00]
  Objective range  [0e+00, 0e+00]
  Bounds range     [4e-01, 1e+00]
  RHS range        [3e+00, 3e+00]
Presolve removed 12 rows and 20 columns
Presolve time: 0.00s

Solved in 0 iterations and 0.00 seconds (0.00 work units)
Infeasible model
Academic license 2542227 - for non-commercial use only - registered to ka___@unsw.edu.au

Using Gurobi shared library /opt/anaconda3/envs/act-py312/lib/libgurobi130.dylib

CPU model: Apple M3 Pro
Thread count: 11 physical cores, 11 logical processors, using up to 11 threads


IIS computed: 1 constraints and 4 bounds
IIS runtime: 0.00 seconds (0.00 work units)

Wrote result file 'debug_model.ilp'


Gurobi 13.0.0 (mac64[arm], gurobi_cl) logging started Tue Nov 25 23:07:40 2025

Set parameter WLSAccessID
Set parameter WLSSecret
Set parameter LicenseID to value 2542227
Set parameter LogFile to value "gurobi.log"
Using license file /Users/z5524562/gurobi.lic
Academic license 2542227 - for non-commercial use only - registered to ka___@unsw.edu.au

Gurobi Optimizer version 13.0.0 build v13.0.0rc1 (mac64[arm] - Darwin 24.6.0 24G325)
Copyright (c) 2025, Gurobi Optimization, LLC

Read LP format model from file debug_model.lp
Reading time = 0.00 seconds
: 17 rows, 36 columns, 164 nonzeros

Using Gurobi shared library /opt/anaconda3/envs/act-py312/lib/libgurobi130.dylib

CPU model: Apple M3 Pro
Thread count: 11 physical cores, 11 logical processors, using up to 11 threads

Academic license 2542227 - for non-commercial use only - registered to ka___@unsw.edu.au
Optimize a model with 17 rows, 36 columns and 164 nonzeros (Min)
Model fingerprint: 0x81eb81e2
Model has 0 linear objective coefficients
Coefficient statistics:
  Matrix range     [4e-04, 1e+00]
  Objective range  [0e+00, 0e+00]
  Bounds range     [4e-01, 1e+00]
  RHS range        [3e+00, 3e+00]
Presolve removed 12 rows and 20 columns
Presolve time: 0.23s

Solved in 0 iterations and 0.23 seconds (0.00 work units)
Infeasible model
Academic license 2542227 - for non-commercial use only - registered to ka___@unsw.edu.au

Using Gurobi shared library /opt/anaconda3/envs/act-py312/lib/libgurobi130.dylib

CPU model: Apple M3 Pro
Thread count: 11 physical cores, 11 logical processors, using up to 11 threads


IIS computed: 1 constraints and 4 bounds
IIS runtime: 0.00 seconds (0.00 work units)

Wrote result file 'debug_model.ilp'


Gurobi 13.0.0 (mac64[arm], gurobi_cl) logging started Tue Nov 25 23:21:29 2025

Set parameter WLSAccessID
Set parameter WLSSecret
Set parameter LicenseID to value 2542227
Set parameter LogFile to value "gurobi.log"
Using license file /Users/z5524562/gurobi.lic
Academic license 2542227 - for non-commercial use only - registered to ka___@unsw.edu.au

Gurobi Optimizer version 13.0.0 build v13.0.0rc1 (mac64[arm] - Darwin 24.6.0 24G325)
Copyright (c) 2025, Gurobi Optimization, LLC

Read LP format model from file debug_model.lp
Reading time = 0.00 seconds
: 17 rows, 36 columns, 164 nonzeros

Using Gurobi shared library /opt/anaconda3/envs/act-py312/lib/libgurobi130.dylib

CPU model: Apple M3 Pro
Thread count: 11 physical cores, 11 logical processors, using up to 11 threads

Academic license 2542227 - for non-commercial use only - registered to ka___@unsw.edu.au
Optimize a model with 17 rows, 36 columns and 164 nonzeros (Min)
Model fingerprint: 0x81eb81e2
Model has 0 linear objective coefficients
Coefficient statistics:
  Matrix range     [4e-04, 1e+00]
  Objective range  [0e+00, 0e+00]
  Bounds range     [4e-01, 1e+00]
  RHS range        [3e+00, 3e+00]
Presolve removed 12 rows and 20 columns
Presolve time: 0.00s

Solved in 0 iterations and 0.00 seconds (0.00 work units)
Infeasible model
Academic license 2542227 - for non-commercial use only - registered to ka___@unsw.edu.au

Using Gurobi shared library /opt/anaconda3/envs/act-py312/lib/libgurobi130.dylib

CPU model: Apple M3 Pro
Thread count: 11 physical cores, 11 logical processors, using up to 11 threads


IIS computed: 1 constraints and 4 bounds
IIS runtime: 0.00 seconds (0.00 work units)

Wrote result file 'debug_model.ilp'


Gurobi 13.0.0 (mac64[arm], gurobi_cl) logging started Mon Dec  8 15:39:27 2025

Set parameter WLSAccessID
Set parameter WLSSecret
Set parameter LicenseID to value 2542227
Set parameter LogFile to value "gurobi.log"
Using license file /Users/z5524562/gurobi.lic
Academic license 2542227 - for non-commercial use only - registered to ka___@unsw.edu.au

Gurobi Optimizer version 13.0.0 build v13.0.0rc1 (mac64[arm] - Darwin 24.6.0 24G325)
Copyright (c) 2025, Gurobi Optimization, LLC

Warning: row 15 (name "R15") contains 3 repeated variable(s) in constraints, grouped them, 0 cancellation
Warning: lp file contains 3 repeated variable(s) in constraints, grouped them, 0 cancellation
Read LP format model from file debug_model.lp
Reading time = 0.00 seconds
: 16 rows, 24 columns, 78 nonzeros

Using Gurobi shared library /opt/anaconda3/envs/act-py312/lib/libgurobi130.dylib

CPU model: Apple M3 Pro
Thread count: 11 physical cores, 11 logical processors, using up to 11 threads

Academic license 2542227 - for non-commercial use only - registered to ka___@unsw.edu.au
Optimize a model with 16 rows, 24 columns and 78 nonzeros (Min)
Model fingerprint: 0xca29477c
Model has 0 linear objective coefficients
Variable types: 21 continuous, 3 integer (3 binary)
Coefficient statistics:
  Matrix range     [2e-04, 2e+00]
  Objective range  [0e+00, 0e+00]
  Bounds range     [2e-02, 1e+00]
  RHS range        [5e-02, 1e+00]
Presolve removed 6 rows and 6 columns
Presolve time: 0.00s

Explored 0 nodes (0 simplex iterations) in 0.00 seconds (0.00 work units)
Thread count was 1 (of 11 available processors)

Solution count 0

Model is infeasible
Best objective -, best bound -, gap -
Academic license 2542227 - for non-commercial use only - registered to ka___@unsw.edu.au

Using Gurobi shared library /opt/anaconda3/envs/act-py312/lib/libgurobi130.dylib

CPU model: Apple M3 Pro
Thread count: 11 physical cores, 11 logical processors, using up to 11 threads


Computing Irreducible Inconsistent Subsystem (IIS)...

           Constraints          |            Bounds           |  Runtime
      Min       Max     Guess   |   Min       Max     Guess   |
--------------------------------------------------------------------------
        0        16         -         0        42         -           0s
        7         7         7         0         0         0           0s

IIS computed: 7 constraints, 0 bounds
IIS runtime: 0.00 seconds (0.00 work units)

Wrote result file 'debug_model.ilp'


Gurobi 13.0.0 (mac64[arm], gurobi_cl) logging started Mon Dec  8 22:13:47 2025

Set parameter WLSAccessID
Set parameter WLSSecret
Set parameter LicenseID to value 2542227
Set parameter LogFile to value "gurobi.log"
Using license file /Users/z5524562/gurobi.lic
Academic license 2542227 - for non-commercial use only - registered to ka___@unsw.edu.au

Gurobi Optimizer version 13.0.0 build v13.0.0rc1 (mac64[arm] - Darwin 24.6.0 24G325)
Copyright (c) 2025, Gurobi Optimization, LLC

Warning: row 15 (name "R15") contains 3 repeated variable(s) in constraints, grouped them, 0 cancellation
Warning: lp file contains 3 repeated variable(s) in constraints, grouped them, 0 cancellation
Read LP format model from file debug_model.lp
Reading time = 0.00 seconds
: 16 rows, 24 columns, 78 nonzeros

Using Gurobi shared library /opt/anaconda3/envs/act-py312/lib/libgurobi130.dylib

CPU model: Apple M3 Pro
Thread count: 11 physical cores, 11 logical processors, using up to 11 threads

Academic license 2542227 - for non-commercial use only - registered to ka___@unsw.edu.au
Optimize a model with 16 rows, 24 columns and 78 nonzeros (Min)
Model fingerprint: 0xca29477c
Model has 0 linear objective coefficients
Variable types: 21 continuous, 3 integer (3 binary)
Coefficient statistics:
  Matrix range     [2e-04, 2e+00]
  Objective range  [0e+00, 0e+00]
  Bounds range     [2e-02, 1e+00]
  RHS range        [5e-02, 1e+00]
Presolve removed 6 rows and 6 columns
Presolve time: 0.00s

Explored 0 nodes (0 simplex iterations) in 0.01 seconds (0.00 work units)
Thread count was 1 (of 11 available processors)

Solution count 0

Model is infeasible
Best objective -, best bound -, gap -
Academic license 2542227 - for non-commercial use only - registered to ka___@unsw.edu.au

Using Gurobi shared library /opt/anaconda3/envs/act-py312/lib/libgurobi130.dylib

CPU model: Apple M3 Pro
Thread count: 11 physical cores, 11 logical processors, using up to 11 threads


Computing Irreducible Inconsistent Subsystem (IIS)...

           Constraints          |            Bounds           |  Runtime
      Min       Max     Guess   |   Min       Max     Guess   |
--------------------------------------------------------------------------
        0        16         -         0        42         -           0s
        7         7         7         0         0         0           0s

IIS computed: 7 constraints, 0 bounds
IIS runtime: 0.01 seconds (0.00 work units)

Wrote result file 'debug_model.ilp'


Gurobi 13.0.0 (mac64[arm], gurobi_cl) logging started Fri Dec 12 11:45:33 2025

Set parameter WLSAccessID
Set parameter WLSSecret
Set parameter LicenseID to value 2542227
Set parameter LogFile to value "gurobi.log"
Using license file /Users/z5524562/gurobi.lic
Academic license 2542227 - for non-commercial use only - registered to ka___@unsw.edu.au

Gurobi Optimizer version 13.0.0 build v13.0.0rc1 (mac64[arm] - Darwin 24.6.0 24G325)
Copyright (c) 2025, Gurobi Optimization, LLC

Read LP format model from file debug_model.lp
Reading time = 0.03 seconds
: 248 rows, 931 columns, 51231 nonzeros

Using Gurobi shared library /opt/anaconda3/envs/act-py312/lib/libgurobi130.dylib

CPU model: Apple M3 Pro
Thread count: 11 physical cores, 11 logical processors, using up to 11 threads

Academic license 2542227 - for non-commercial use only - registered to ka___@unsw.edu.au
Optimize a model with 248 rows, 931 columns and 51231 nonzeros (Min)
Model fingerprint: 0xbd41398f
Model has 0 linear objective coefficients
Variable types: 922 continuous, 9 integer (9 binary)
Coefficient statistics:
  Matrix range     [2e-06, 4e+00]
  Objective range  [0e+00, 0e+00]
  Bounds range     [6e-02, 4e+00]
  RHS range        [7e-02, 4e+00]
Presolve removed 204 rows and 105 columns
Presolve time: 0.07s
Presolved: 44 rows, 826 columns, 32268 nonzeros
Variable types: 826 continuous, 0 integer (0 binary)

Root relaxation: infeasible, 0 iterations, 0.00 seconds (0.00 work units)

Explored 1 nodes (0 simplex iterations) in 0.07 seconds (0.09 work units)
Thread count was 11 (of 11 available processors)

Solution count 0

Model is infeasible
Best objective -, best bound -, gap -

Gurobi 13.0.0 (mac64[arm], gurobi_cl) logging started Fri Dec 12 11:46:21 2025

Set parameter WLSAccessID
Set parameter WLSSecret
Set parameter LicenseID to value 2542227
Set parameter LogFile to value "gurobi.log"
Using license file /Users/z5524562/gurobi.lic
Academic license 2542227 - for non-commercial use only - registered to ka___@unsw.edu.au

Gurobi Optimizer version 13.0.0 build v13.0.0rc1 (mac64[arm] - Darwin 24.6.0 24G325)
Copyright (c) 2025, Gurobi Optimization, LLC

Read LP format model from file debug_model.lp
Reading time = 0.01 seconds
: 248 rows, 931 columns, 51231 nonzeros

Using Gurobi shared library /opt/anaconda3/envs/act-py312/lib/libgurobi130.dylib

CPU model: Apple M3 Pro
Thread count: 11 physical cores, 11 logical processors, using up to 11 threads

Academic license 2542227 - for non-commercial use only - registered to ka___@unsw.edu.au
Optimize a model with 248 rows, 931 columns and 51231 nonzeros (Min)
Model fingerprint: 0xbd41398f
Model has 0 linear objective coefficients
Variable types: 922 continuous, 9 integer (9 binary)
Coefficient statistics:
  Matrix range     [2e-06, 4e+00]
  Objective range  [0e+00, 0e+00]
  Bounds range     [6e-02, 4e+00]
  RHS range        [7e-02, 4e+00]
Presolve removed 204 rows and 105 columns
Presolve time: 0.05s
Presolved: 44 rows, 826 columns, 32268 nonzeros
Variable types: 826 continuous, 0 integer (0 binary)

Root relaxation: infeasible, 0 iterations, 0.00 seconds (0.00 work units)

Explored 1 nodes (0 simplex iterations) in 0.06 seconds (0.09 work units)
Thread count was 11 (of 11 available processors)

Solution count 0

Model is infeasible
Best objective -, best bound -, gap -
Academic license 2542227 - for non-commercial use only - registered to ka___@unsw.edu.au

Using Gurobi shared library /opt/anaconda3/envs/act-py312/lib/libgurobi130.dylib

CPU model: Apple M3 Pro
Thread count: 11 physical cores, 11 logical processors, using up to 11 threads


Computing Irreducible Inconsistent Subsystem (IIS)...

           Constraints          |            Bounds           |  Runtime
      Min       Max     Guess   |   Min       Max     Guess   |
--------------------------------------------------------------------------
        0       248         -         0      1844         -           0s
       54        54        54       811       811       811           2s

IIS computed: 54 constraints, 811 bounds
IIS runtime: 1.73 seconds (5.53 work units)

Wrote result file 'debug_model.ilp'


Gurobi 13.0.0 (mac64[arm], gurobi_cl) logging started Fri Dec 12 12:08:38 2025

Set parameter WLSAccessID
Set parameter WLSSecret
Set parameter LicenseID to value 2542227
Set parameter LogFile to value "gurobi.log"
Using license file /Users/z5524562/gurobi.lic
Academic license 2542227 - for non-commercial use only - registered to ka___@unsw.edu.au

Gurobi Optimizer version 13.0.0 build v13.0.0rc1 (mac64[arm] - Darwin 24.6.0 24G325)
Copyright (c) 2025, Gurobi Optimization, LLC

Read LP format model from file debug_model.lp
Reading time = 0.02 seconds
: 248 rows, 931 columns, 51231 nonzeros

Using Gurobi shared library /opt/anaconda3/envs/act-py312/lib/libgurobi130.dylib

CPU model: Apple M3 Pro
Thread count: 11 physical cores, 11 logical processors, using up to 11 threads

Academic license 2542227 - for non-commercial use only - registered to ka___@unsw.edu.au
Optimize a model with 248 rows, 931 columns and 51231 nonzeros (Min)
Model fingerprint: 0xbd41398f
Model has 0 linear objective coefficients
Variable types: 922 continuous, 9 integer (9 binary)
Coefficient statistics:
  Matrix range     [2e-06, 4e+00]
  Objective range  [0e+00, 0e+00]
  Bounds range     [6e-02, 4e+00]
  RHS range        [7e-02, 4e+00]
Presolve removed 204 rows and 105 columns
Presolve time: 0.06s
Presolved: 44 rows, 826 columns, 32268 nonzeros
Variable types: 826 continuous, 0 integer (0 binary)

Root relaxation: infeasible, 0 iterations, 0.00 seconds (0.00 work units)

Explored 1 nodes (0 simplex iterations) in 0.06 seconds (0.09 work units)
Thread count was 11 (of 11 available processors)

Solution count 0

Model is infeasible
Best objective -, best bound -, gap -
Academic license 2542227 - for non-commercial use only - registered to ka___@unsw.edu.au

Using Gurobi shared library /opt/anaconda3/envs/act-py312/lib/libgurobi130.dylib

CPU model: Apple M3 Pro
Thread count: 11 physical cores, 11 logical processors, using up to 11 threads


Computing Irreducible Inconsistent Subsystem (IIS)...

           Constraints          |            Bounds           |  Runtime
      Min       Max     Guess   |   Min       Max     Guess   |
--------------------------------------------------------------------------
        0       248         -         0      1844         -           0s
       54        54        54       811       811       811           2s

IIS computed: 54 constraints, 811 bounds
IIS runtime: 1.94 seconds (5.54 work units)

Wrote result file 'debug_model.ilp'


Gurobi 13.0.0 (mac64[arm], gurobi_cl) logging started Fri Dec 12 12:49:29 2025

Set parameter WLSAccessID
Set parameter WLSSecret
Set parameter LicenseID to value 2542227
Set parameter LogFile to value "gurobi.log"
Using license file /Users/z5524562/gurobi.lic
Academic license 2542227 - for non-commercial use only - registered to ka___@unsw.edu.au

Gurobi Optimizer version 13.0.0 build v13.0.0rc1 (mac64[arm] - Darwin 24.6.0 24G325)
Copyright (c) 2025, Gurobi Optimization, LLC

Read LP format model from file debug_model.lp
Reading time = 0.01 seconds
: 148 rows, 867 columns, 25646 nonzeros

Using Gurobi shared library /opt/anaconda3/envs/act-py312/lib/libgurobi130.dylib

CPU model: Apple M3 Pro
Thread count: 11 physical cores, 11 logical processors, using up to 11 threads

Academic license 2542227 - for non-commercial use only - registered to ka___@unsw.edu.au
Optimize a model with 148 rows, 867 columns and 25646 nonzeros (Min)
Model fingerprint: 0xd8434406
Model has 0 linear objective coefficients
Variable types: 858 continuous, 9 integer (9 binary)
Coefficient statistics:
  Matrix range     [4e-07, 1e+01]
  Objective range  [0e+00, 0e+00]
  Bounds range     [5e-01, 7e+00]
  RHS range        [6e-01, 1e+01]
Presolve removed 41 rows and 9 columns
Presolve time: 0.05s
Presolved: 107 rows, 858 columns, 25563 nonzeros
Variable types: 849 continuous, 9 integer (9 binary)

Explored 0 nodes (0 simplex iterations) in 0.05 seconds (0.07 work units)
Thread count was 11 (of 11 available processors)

Solution count 0

Model is infeasible
Best objective -, best bound -, gap -
Academic license 2542227 - for non-commercial use only - registered to ka___@unsw.edu.au

Using Gurobi shared library /opt/anaconda3/envs/act-py312/lib/libgurobi130.dylib

CPU model: Apple M3 Pro
Thread count: 11 physical cores, 11 logical processors, using up to 11 threads


Computing Irreducible Inconsistent Subsystem (IIS)...

           Constraints          |            Bounds           |  Runtime
      Min       Max     Guess   |   Min       Max     Guess   |
--------------------------------------------------------------------------
        0       148         -         0      1716         -           0s
       14        14        14       778       778       778           2s

IIS computed: 14 constraints, 778 bounds
IIS runtime: 1.52 seconds (2.15 work units)

Wrote result file 'debug_model.ilp'


Gurobi 13.0.0 (mac64[arm], gurobi_cl) logging started Fri Dec 12 13:04:00 2025

Set parameter WLSAccessID
Set parameter WLSSecret
Set parameter LicenseID to value 2542227
Set parameter LogFile to value "gurobi.log"
Using license file /Users/z5524562/gurobi.lic
Academic license 2542227 - for non-commercial use only - registered to ka___@unsw.edu.au

Gurobi Optimizer version 13.0.0 build v13.0.0rc1 (mac64[arm] - Darwin 24.6.0 24G325)
Copyright (c) 2025, Gurobi Optimization, LLC

Read LP format model from file debug_model.lp
Reading time = 0.01 seconds
: 148 rows, 867 columns, 25646 nonzeros

Using Gurobi shared library /opt/anaconda3/envs/act-py312/lib/libgurobi130.dylib

CPU model: Apple M3 Pro
Thread count: 11 physical cores, 11 logical processors, using up to 11 threads

Academic license 2542227 - for non-commercial use only - registered to ka___@unsw.edu.au
Optimize a model with 148 rows, 867 columns and 25646 nonzeros (Min)
Model fingerprint: 0xd8434406
Model has 0 linear objective coefficients
Variable types: 858 continuous, 9 integer (9 binary)
Coefficient statistics:
  Matrix range     [4e-07, 1e+01]
  Objective range  [0e+00, 0e+00]
  Bounds range     [5e-01, 7e+00]
  RHS range        [6e-01, 1e+01]
Presolve removed 41 rows and 9 columns
Presolve time: 0.05s
Presolved: 107 rows, 858 columns, 25563 nonzeros
Variable types: 849 continuous, 9 integer (9 binary)

Explored 0 nodes (0 simplex iterations) in 0.06 seconds (0.07 work units)
Thread count was 11 (of 11 available processors)

Solution count 0

Model is infeasible
Best objective -, best bound -, gap -
Academic license 2542227 - for non-commercial use only - registered to ka___@unsw.edu.au

Using Gurobi shared library /opt/anaconda3/envs/act-py312/lib/libgurobi130.dylib

CPU model: Apple M3 Pro
Thread count: 11 physical cores, 11 logical processors, using up to 11 threads


Computing Irreducible Inconsistent Subsystem (IIS)...

           Constraints          |            Bounds           |  Runtime
      Min       Max     Guess   |   Min       Max     Guess   |
--------------------------------------------------------------------------
        0       148         -         0      1716         -           0s
       14        14        14       778       778       778           2s

IIS computed: 14 constraints, 778 bounds
IIS runtime: 1.53 seconds (2.17 work units)

Wrote result file 'debug_model.ilp'


Gurobi 13.0.0 (mac64[arm], gurobi_cl) logging started Fri Dec 12 13:18:17 2025

Set parameter WLSAccessID
Set parameter WLSSecret
Set parameter LicenseID to value 2542227
Set parameter LogFile to value "gurobi.log"
Using license file /Users/z5524562/gurobi.lic
Academic license 2542227 - for non-commercial use only - registered to ka___@unsw.edu.au

Gurobi Optimizer version 13.0.0 build v13.0.0rc1 (mac64[arm] - Darwin 24.6.0 24G325)
Copyright (c) 2025, Gurobi Optimization, LLC

Read LP format model from file debug_model.lp
Reading time = 0.01 seconds
: 148 rows, 867 columns, 25646 nonzeros

Using Gurobi shared library /opt/anaconda3/envs/act-py312/lib/libgurobi130.dylib

CPU model: Apple M3 Pro
Thread count: 11 physical cores, 11 logical processors, using up to 11 threads

Academic license 2542227 - for non-commercial use only - registered to ka___@unsw.edu.au
Optimize a model with 148 rows, 867 columns and 25646 nonzeros (Min)
Model fingerprint: 0xd8434406
Model has 0 linear objective coefficients
Variable types: 858 continuous, 9 integer (9 binary)
Coefficient statistics:
  Matrix range     [4e-07, 1e+01]
  Objective range  [0e+00, 0e+00]
  Bounds range     [5e-01, 7e+00]
  RHS range        [6e-01, 1e+01]
Presolve removed 41 rows and 9 columns
Presolve time: 0.05s
Presolved: 107 rows, 858 columns, 25563 nonzeros
Variable types: 849 continuous, 9 integer (9 binary)

Explored 0 nodes (0 simplex iterations) in 0.06 seconds (0.07 work units)
Thread count was 11 (of 11 available processors)

Solution count 0

Model is infeasible
Best objective -, best bound -, gap -
